==== 2026-08-28 16:41 +08 | ET 2026-08-28 04:41 ====
[待补] 尚缺当日快照： GLD SLV QQQ TQQQ TLT SPY IWM
[提示] gold 期权数据与上一交易日逐行相同（休市重复），跳过落盘
[提示] silver 期权数据与上一交易日逐行相同（休市重复），跳过落盘
[跳过] dxy 未配置期权数据源
[提示] qqq 期权数据与上一交易日逐行相同（休市重复），跳过落盘
[提示] tqqq 期权数据与上一交易日逐行相同（休市重复），跳过落盘
[提示] tlt 期权数据与上一交易日逐行相同（休市重复），跳过落盘
[提示] iwm 期权数据与上一交易日逐行相同（休市重复），跳过落盘
已落盘 2026-08-28 期权链快照（原始全字段，纳入 git 永久留存）:
  wti     USO: 4,610 合约（3,554 有OI）  → 已累计 48 天  ·  /Users/yhdong/Trading/data/snapshots/options/USO/2026-08-28.json.gz
  spy     SPY: 13,872 合约（10,171 有OI）  → 已累计 3 天  ·  /Users/yhdong/Trading/data/snapshots/options/SPY/2026-08-28.json.gz
已生成综合研判报告（2026-08-28）:
  gold    偏多      (可信度高)  · 不做空 · 别追·等回调 · 短线止盈/收紧 · 长线拿住  → /Users/yhdong/Trading/data/reports/gold_2026-08-28.html
  silver  偏多      (可信度高)  ·强看涨(已过期)  · 不做空 · 别追·等回调 · 短线止盈/收紧 · 长线拿住  → /Users/yhdong/Trading/data/reports/silver_2026-08-28.html
  wti     中性      (可信度低)  · 不做空 · 别追·等回调 · 短线止盈/收紧 · 长线拿住  → /Users/yhdong/Trading/data/reports/wti_2026-08-28.html
  qqq     偏多      (可信度高)  ·强看跌(已过期)  · 不做空 · 回调买·不追 · 短线等回调 · 长线拿住  → /Users/yhdong/Trading/data/reports/qqq_2026-08-28.html
  tqqq    偏多      (可信度高)  · 不做空 · 回调买·不追 · 短线等回调 · 长线拿住  → /Users/yhdong/Trading/data/reports/tqqq_2026-08-28.html
  tlt     偏多      (可信度中)  ·强看跌(已过期)  · 不做空 · 追势无依据 · 短线观望 · 长线拿住  → /Users/yhdong/Trading/data/reports/tlt_2026-08-28.html
  spy     偏多      (可信度高)  · 不做空 · 追势无依据 · 短线观望 · 长线拿住  → /Users/yhdong/Trading/data/reports/spy_2026-08-28.html
  iwm     偏多      (可信度高)  · 不做空 · 追势无依据 · 短线观望 · 长线拿住  → /Users/yhdong/Trading/data/reports/iwm_2026-08-28.html
  索引页 → /Users/yhdong/Trading/data/reports/index_2026-08-28.html

用浏览器打开即可（macOS: open '/Users/yhdong/Trading/data/reports/gold_2026-08-28.html'）
[main 915c0b8] 每日自动更新 2026-08-28：期权链快照+四品种报告（launchd 定时任务）
 34 files changed, 383 insertions(+), 71 deletions(-)
 create mode 100644 data/reports/gold_2026-08-28_r1534.html
 create mode 100644 data/reports/index_2026-08-28_r1535.html
 create mode 100644 data/reports/iwm_2026-08-28_r1535.html
 create mode 100644 data/reports/qqq_2026-08-28_r1535.html
 create mode 100644 data/reports/silver_2026-08-28_r1534.html
 create mode 100644 data/reports/spy_2026-08-28_r1535.html
 create mode 100644 data/reports/tlt_2026-08-28_r1535.html
 create mode 100644 data/reports/tqqq_2026-08-28_r1535.html
 create mode 100644 data/reports/wti_2026-08-28_r1535.html
 create mode 100644 data/snapshots/options/SPY/2026-08-28.json.gz
(skip push)
[完成] 已提交并推送
