2026-08-30 ET 00:28 | 开始盯结算（最多 30h，每 30 分钟一次）
2026-08-30 ET 00:28 | 尚未结算（0 个品种有 OI 变动）
2026-08-30 ET 00:59 | 尚未结算（0 个品种有 OI 变动）
2026-08-30 ET 01:29 | 尚未结算（0 个品种有 OI 变动）
2026-08-30 ET 01:59 | 尚未结算（0 个品种有 OI 变动）
2026-08-30 ET 02:29 | 尚未结算（0 个品种有 OI 变动）
2026-08-30 ET 02:59 | 尚未结算（0 个品种有 OI 变动）
2026-08-30 ET 03:30 | 尚未结算（0 个品种有 OI 变动）
2026-08-30 ET 04:00 | 尚未结算（0 个品种有 OI 变动）
2026-08-30 ET 04:30 | 尚未结算（0 个品种有 OI 变动）
2026-08-30 ET 05:00 | 尚未结算（0 个品种有 OI 变动）
2026-08-30 ET 05:30 | 尚未结算（0 个品种有 OI 变动）
2026-08-30 ET 06:00 | 尚未结算（0 个品种有 OI 变动）
2026-08-30 ET 06:31 | 尚未结算（0 个品种有 OI 变动）
2026-08-30 ET 07:01 | 尚未结算（0 个品种有 OI 变动）
2026-08-30 ET 07:31 | 尚未结算（0 个品种有 OI 变动）
2026-08-30 ET 08:01 | 尚未结算（0 个品种有 OI 变动）
2026-08-30 ET 08:31 | 尚未结算（0 个品种有 OI 变动）
2026-08-30 ET 09:02 | 尚未结算（0 个品种有 OI 变动）
2026-08-30 ET 09:32 | 尚未结算（0 个品种有 OI 变动）
2026-08-30 ET 10:02 | 尚未结算（0 个品种有 OI 变动）
2026-08-30 ET 10:32 | 尚未结算（0 个品种有 OI 变动）
2026-08-30 ET 11:02 | 尚未结算（0 个品种有 OI 变动）
2026-08-30 ET 11:32 | 尚未结算（0 个品种有 OI 变动）
2026-08-30 ET 12:03 | 尚未结算（0 个品种有 OI 变动）
2026-08-30 ET 12:33 | 尚未结算（0 个品种有 OI 变动）
2026-08-30 ET 13:03 | 尚未结算（0 个品种有 OI 变动）
2026-08-30 ET 13:33 | 尚未结算（0 个品种有 OI 变动）
2026-08-30 ET 14:03 | 尚未结算（0 个品种有 OI 变动）
2026-08-30 ET 14:34 | 尚未结算（0 个品种有 OI 变动）
2026-08-30 ET 15:04 | 尚未结算（0 个品种有 OI 变动）
2026-08-30 ET 15:34 | 尚未结算（0 个品种有 OI 变动）
2026-08-30 ET 16:04 | 尚未结算（0 个品种有 OI 变动）
2026-08-30 ET 16:34 | 尚未结算（0 个品种有 OI 变动）
2026-08-30 ET 17:05 | 尚未结算（0 个品种有 OI 变动）
2026-08-30 ET 17:35 | 尚未结算（0 个品种有 OI 变动）
2026-08-30 ET 18:05 | 尚未结算（0 个品种有 OI 变动）
2026-08-30 ET 18:35 | 尚未结算（0 个品种有 OI 变动）
2026-08-30 ET 19:05 | 尚未结算（0 个品种有 OI 变动）
2026-08-30 ET 19:35 | 尚未结算（0 个品种有 OI 变动）
2026-08-30 ET 20:06 | 尚未结算（0 个品种有 OI 变动）
2026-08-30 ET 20:36 | 尚未结算（0 个品种有 OI 变动）
2026-08-30 ET 21:06 | 尚未结算（0 个品种有 OI 变动）
2026-08-30 ET 21:36 | 尚未结算（0 个品种有 OI 变动）
2026-08-30 ET 22:06 | 尚未结算（0 个品种有 OI 变动）
2026-08-30 ET 22:37 | 尚未结算（0 个品种有 OI 变动）
2026-08-30 ET 23:07 | 尚未结算（0 个品种有 OI 变动）
2026-08-30 ET 23:37 | 尚未结算（0 个品种有 OI 变动）
2026-08-31 ET 00:07 | 尚未结算（0 个品种有 OI 变动）
2026-08-31 ET 00:37 | 尚未结算（0 个品种有 OI 变动）
2026-08-31 ET 01:07 | 尚未结算（0 个品种有 OI 变动）
2026-08-31 ET 01:38 | 尚未结算（0 个品种有 OI 变动）
2026-08-31 ET 02:08 | 尚未结算（0 个品种有 OI 变动）
2026-08-31 ET 02:38 | 尚未结算（0 个品种有 OI 变动）
2026-08-31 ET 03:08 | 尚未结算（0 个品种有 OI 变动）
2026-08-31 ET 03:38 | 尚未结算（0 个品种有 OI 变动）
2026-08-31 ET 04:09 | 尚未结算（0 个品种有 OI 变动）
2026-08-31 ET 04:39 | 尚未结算（0 个品种有 OI 变动）
2026-08-31 ET 05:09 | ✅ 1 个品种 OI 已结算 —— 开抓
[提示] gold 期权数据与上一交易日逐行相同（休市重复），跳过落盘
[提示] silver 期权数据与上一交易日逐行相同（休市重复），跳过落盘
[提示] wti 期权数据与上一交易日逐行相同（休市重复），跳过落盘
[跳过] dxy 无期权数据源，不出综合 HTML 报告（持仓分析请用 `analyze`）
[提示] tqqq 期权数据与上一交易日逐行相同（休市重复），跳过落盘
[提示] tlt 期权数据与上一交易日逐行相同（休市重复），跳过落盘
[提示] iwm 期权数据与上一交易日逐行相同（休市重复），跳过落盘
  📐 金银比 66.29　墙隐含 64.6~66.7（区间内）
已生成综合研判报告 · 可交易日 2026-08-31:
  gold    近偏空(弱)    中偏多       (可信度高)  ·极强看跌(已过期)  · 信号与趋势冲突 · 回调买·不追 · 短线等回调 · 长线拿住  → /Users/yhdong/Trading/data/reports/gold_2026-08-28.html
  silver  近中性       中偏多       (可信度中)  · 不做空 · 回调买·不追 · 短线等回调 · 长线拿住  → /Users/yhdong/Trading/data/reports/silver_2026-08-28.html
  wti     近偏空(弱)    中偏多(弱)    (可信度低)  · 不做空 · 别追·等回调 · 短线止盈/收紧 · 长线拿住  → /Users/yhdong/Trading/data/reports/wti_2026-08-28.html
  qqq     近中性       中偏多       (可信度高)  · 不做空 · 回调买·不追 · 短线等回调 · 长线拿住  → /Users/yhdong/Trading/data/reports/qqq_2026-08-31.html
  tqqq    近偏空(弱)    中偏多       (可信度中)  · 不做空 · 回调买·不追 · 短线等回调 · 长线拿住  → /Users/yhdong/Trading/data/reports/tqqq_2026-08-28.html
  tlt     近偏多(弱)    中偏多       (可信度高)  · 不做空 · 追势无依据 · 短线观望 · 长线拿住  → /Users/yhdong/Trading/data/reports/tlt_2026-08-28.html
  spy     近中性       中偏多       (可信度高)  · 不做空 · 追势无依据 · 短线观望 · 长线拿住  → /Users/yhdong/Trading/data/reports/spy_2026-08-31.html
  iwm     近中性       中偏多       (可信度高)  · 不做空 · 追势无依据 · 短线观望 · 长线拿住  → /Users/yhdong/Trading/data/reports/iwm_2026-08-28.html
  索引页 → /Users/yhdong/Trading/data/reports/index_2026-08-31.html

📅 ⚠️ 各品种数据不同龄：2026-08-28, 2026-08-31 —— 混龄比较需谨慎。

用浏览器打开即可（macOS: open '/Users/yhdong/Trading/data/reports/gold_2026-08-28.html'）
2026-08-31 ET 05:11 | ✅ 研报已出：可交易日 2026-08-31
